================================================================
== Design Size Report
================================================================

* Instructions per Function for each Compilation Phase
+----------------------------------------+--------------------+--------------------+-------------------+----------------------+------------------+
| Function                               | Location           | Compile/Link       | Unroll/Inline     | Performance/Pipeline | Optimizations    |
+----------------------------------------+--------------------+--------------------+-------------------+----------------------+------------------+
| + top_module                           | top_module.cpp:19  | 152,836 *          | 13,853            | 3,490                | 3,800            |
|    get_image_stream                    | sub_modules.cpp:8  |     242            |     37            |    33                |    52            |
|  + sha256<64>                          | sha224_256.hpp:826 |   1,823            |  1,562            | 1,172                | 1,416            |
|   + sha256_top<64, 256>                | sha224_256.hpp:747 |   1,821            |  1,560            | 1,170                | 1,414            |
|      preProcessing                     | sha224_256.hpp:285 |     817            |    841            |   696                |   847            |
|      dup_strm                          | sha224_256.hpp:498 |     106            |     16            |    15                |    36            |
|      generateMsgSchedule               | sha224_256.hpp:523 |     193            |    210            |   183                |   233            |
|    + sha256Digest<256>                 | sha224_256.hpp:610 |     588            |    432            |   239                |   252            |
|       sha256_iter                      | sha224_256.hpp:565 |     102            |     90            |                      |                  |
|    set_hash_stream                     | sub_modules.cpp:28 |     157            |     48            |    41                |    52            |
|  + logmap                              | sub_modules.cpp:60 | 150,507            | 12,148            | 2,212                | 2,218            |
|   + powf                               | powfloat.cpp:7     |  97,945 (5 calls)  |  8,032 (4 calls)  |                      |                  |
|    + pow_generic<float>                | hls_pow.h:320      |  97,935 (5 calls)  |  8,024 (4 calls)  |                      |                  |
|       fp_struct                        | x_hls_utils.h:312  |   3,490 (10 calls) |    120 (8 calls)  |                      |                  |
|       fp_struct                        | x_hls_utils.h:310  |     140 (5 calls)  |                   |                      |                  |
|       expv                             | x_hls_utils.h:345  |   1,090 (10 calls) |     48 (8 calls)  |                      |                  |
|     + generic_isinf<float>             | hls_isinf.h:16     |   4,190 (10 calls) |    224 (8 calls)  |                      |                  |
|        fp_struct                       | x_hls_utils.h:312  |   3,490 (10 calls) |    120 (8 calls)  |                      |                  |
|     + generic_isnan<float>             | hls_isnan.h:16     |   4,200 (10 calls) |    232 (8 calls)  |                      |                  |
|        fp_struct                       | x_hls_utils.h:312  |   3,490 (10 calls) |    120 (8 calls)  |                      |                  |
|     + to_ieee                          | x_hls_utils.h:375  |  14,220 (45 calls) |    864 (36 calls) |                      |                  |
|      + to_float                        | x_hls_utils.h:351  |  14,130 (45 calls) |    792 (36 calls) |                      |                  |
|         data                           | x_hls_utils.h:338  |  13,320 (45 calls) |    612 (36 calls) |                      |                  |
|     + log_range_reduction<39>          | hls_pow.h:159      |  22,895 (5 calls)  |  2,008 (4 calls)  |                      |                  |
|        log_range_reduce<ap_fixed<65... | hls_pow.h:59       |   6,555 (5 calls)  |    520 (4 calls)  |                      |                  |
|        log_range_reduce<ap_fixed<65... | hls_pow.h:59       |   6,435 (5 calls)  |    508 (4 calls)  |                      |                  |
|        log_range_reduce<ap_fixed<65... | hls_pow.h:59       |   6,425 (5 calls)  |    508 (4 calls)  |                      |                  |
|       exp_Z1P_m_1                      | hls_pow.h:185      |   1,830 (5 calls)  |    240 (4 calls)  |                      |                  |
|   + modf                               | modfdouble.cpp:8   |  47,980 (10 calls) |  3,640 (10 calls) |                      |                  |
|    + generic_modf<double>              | hls_modf.h:15      |  47,960 (10 calls) |  3,620 (10 calls) |                      |                  |
|       init_mask_table<double>          | hls_round.h:49     |     190 (10 calls) |                   |                      |                  |
|       fp_struct                        | x_hls_utils.h:485  |   3,500 (10 calls) |    150 (10 calls) |                      |                  |
|     + generic_copysign<double>         | hls_copysign.h:10  |  20,680 (20 calls) |  1,320 (20 calls) |                      |                  |
|        fp_struct                       | x_hls_utils.h:485  |  14,000 (40 calls) |    600 (40 calls) |                      |                  |
|      + to_ieee                         | x_hls_utils.h:538  |   6,320 (20 calls) |    480 (20 calls) |                      |                  |
|       + to_double                      | x_hls_utils.h:523  |   6,280 (20 calls) |    440 (20 calls) |                      |                  |
|          data                          | x_hls_utils.h:504  |   5,920 (20 calls) |    340 (20 calls) |                      |                  |
|     + generic_isnan<double>            | hls_isnan.h:16     |   4,210 (10 calls) |    290 (10 calls) |                      |                  |
|        fp_struct                       | x_hls_utils.h:485  |   3,500 (10 calls) |    150 (10 calls) |                      |                  |
|       fp_struct                        | x_hls_utils.h:483  |     560 (20 calls) |                   |                      |                  |
|     + to_ieee                          | x_hls_utils.h:538  |   9,480 (30 calls) |    720 (30 calls) |                      |                  |
|      + to_double                       | x_hls_utils.h:523  |   9,420 (30 calls) |    660 (30 calls) |                      |                  |
|         data                           | x_hls_utils.h:504  |   8,880 (30 calls) |    510 (30 calls) |                      |                  |
|   + abs                                | std_abs.h:70       |   2,080 (2 calls)  |    144 (2 calls)  |                      |                  |
|    + fabs                              | fabsdouble.cpp:7   |   2,076 (2 calls)  |    140 (2 calls)  |                      |                  |
|     + generic_fabs<double>             | hls_fabs.h:12      |   2,072 (2 calls)  |    136 (2 calls)  |                      |                  |
|      + generic_copysign<double>        | hls_copysign.h:10  |   2,068 (2 calls)  |    132 (2 calls)  |                      |                  |
|         fp_struct                      | x_hls_utils.h:485  |   1,400 (4 calls)  |     60 (4 calls)  |                      |                  |
|       + to_ieee                        | x_hls_utils.h:538  |     632 (2 calls)  |     48 (2 calls)  |                      |                  |
|        + to_double                     | x_hls_utils.h:523  |     628 (2 calls)  |     44 (2 calls)  |                      |                  |
|           data                         | x_hls_utils.h:504  |     592 (2 calls)  |     34 (2 calls)  |                      |                  |
|   + pow_generic<float>                 | hls_pow.h:320      |                    |                   | 1,396 (4 calls)      | 1,400 (4 calls)  |
|      to_ieee                           | x_hls_utils.h:375  |                    |                   |   180 (36 calls)     |   180 (36 calls) |
|     generic_modf<double>               | hls_modf.h:15      |                    |                   |   640 (10 calls)     |   640 (10 calls) |
+----------------------------------------+--------------------+--------------------+-------------------+----------------------+------------------+
    * - Exceeded design size warning message threshold

* Description of Compilation Phases
+----------------------+------------------------------------------------------------+
| Compilation Phase    | Description                                                |
+----------------------+------------------------------------------------------------+
| Compile/Link         | All functions are compiled and linked into a single design |
| Unroll/Inline        | After user unroll and inline pragmas are applied           |
| Performance/Pipeline | After performance and pipeline pragmas are applied         |
| Optimizations        | After high level synthesis optimizations                   |
+----------------------+------------------------------------------------------------+

* Design Size Message Settings
+---------------------------------------------+--------+------------------------------------------------------------------+
| Message Setting                             | Value  | Description                                                      |
+---------------------------------------------+--------+------------------------------------------------------------------+
| config_compile -design_size_maximum_warning | 100000 | Show a warning when total design instructions exceeds this value |
+---------------------------------------------+--------+------------------------------------------------------------------+


