

================================================================
== Vitis HLS Report for 'preProcessing_Pipeline_LOOP_SHA256_GEN_COPY_TAIL_PAD_ONE'
================================================================
* Date:           Wed Jun  7 23:11:36 2023

* Version:        2023.1 (Build 3854077 on May  4 2023)
* Project:        chls
* Solution:       solution1 (Vivado IP Flow Target)
* Product family: zynquplus
* Target device:  xczu7ev-ffvc1156-2-e


================================================================
== Performance Estimates
================================================================
+ Timing: 
    * Summary: 
    +--------+----------+----------+------------+
    |  Clock |  Target  | Estimated| Uncertainty|
    +--------+----------+----------+------------+
    |ap_clk  |  11.00 ns|  2.871 ns|     2.97 ns|
    +--------+----------+----------+------------+

+ Latency: 
    * Summary: 
    +---------+---------+-----------+----------+-----+-----+---------+
    |  Latency (cycles) |  Latency (absolute)  |  Interval | Pipeline|
    |   min   |   max   |    min    |    max   | min | max |   Type  |
    +---------+---------+-----------+----------+-----+-----+---------+
    |        9|       10|  99.000 ns|  0.110 us|    9|   10|       no|
    +---------+---------+-----------+----------+-----+-----+---------+

    + Detail: 
        * Instance: 
        N/A

        * Loop: 
        +-------------------------------------+---------+---------+----------+-----------+-----------+-------+----------+
        |                                     |  Latency (cycles) | Iteration|  Initiation Interval  |  Trip |          |
        |              Loop Name              |   min   |   max   |  Latency |  achieved |   target  | Count | Pipelined|
        +-------------------------------------+---------+---------+----------+-----------+-----------+-------+----------+
        |- LOOP_SHA256_GEN_COPY_TAIL_PAD_ONE  |        7|        8|         2|          1|          1|  7 ~ 8|       yes|
        +-------------------------------------+---------+---------+----------+-----------+-----------+-------+----------+



================================================================
== Utilization Estimates
================================================================
* Summary: 
+-----------------+---------+------+--------+--------+-----+
|       Name      | BRAM_18K|  DSP |   FF   |   LUT  | URAM|
+-----------------+---------+------+--------+--------+-----+
|DSP              |        -|     -|       -|       -|    -|
|Expression       |        -|     -|       0|     754|    -|
|FIFO             |        -|     -|       -|       -|    -|
|Instance         |        -|     -|       -|       -|    -|
|Memory           |        -|     -|       -|       -|    -|
|Multiplexer      |        -|     -|       -|     773|    -|
|Register         |        -|     -|     524|       -|    -|
+-----------------+---------+------+--------+--------+-----+
|Total            |        0|     0|     524|    1527|    0|
+-----------------+---------+------+--------+--------+-----+
|Available        |      624|  1728|  460800|  230400|   96|
+-----------------+---------+------+--------+--------+-----+
|Utilization (%)  |        0|     0|      ~0|      ~0|    0|
+-----------------+---------+------+--------+--------+-----+

+ Detail: 
    * Instance: 
    N/A

    * DSP: 
    N/A

    * Memory: 
    N/A

    * FIFO: 
    N/A

    * Expression: 
    +----------------------------------+----------+----+---+----+------------+------------+
    |           Variable Name          | Operation| DSP| FF| LUT| Bitwidth P0| Bitwidth P1|
    +----------------------------------+----------+----+---+----+------------+------------+
    |add_ln375_fu_440_p2               |         +|   0|  0|  12|           4|           1|
    |ap_block_pp0_stage0_01001         |       and|   0|  0|   2|           1|           1|
    |ap_condition_1003                 |       and|   0|  0|   2|           1|           1|
    |ap_condition_1011                 |       and|   0|  0|   2|           1|           1|
    |ap_condition_1016                 |       and|   0|  0|   2|           1|           1|
    |ap_condition_1019                 |       and|   0|  0|   2|           1|           1|
    |ap_condition_1022                 |       and|   0|  0|   2|           1|           1|
    |ap_condition_1025                 |       and|   0|  0|   2|           1|           1|
    |ap_condition_1028                 |       and|   0|  0|   2|           1|           1|
    |ap_condition_1031                 |       and|   0|  0|   2|           1|           1|
    |ap_condition_1034                 |       and|   0|  0|   2|           1|           1|
    |ap_condition_1037                 |       and|   0|  0|   2|           1|           1|
    |ap_condition_1040                 |       and|   0|  0|   2|           1|           1|
    |ap_condition_1045                 |       and|   0|  0|   2|           1|           1|
    |ap_condition_1048                 |       and|   0|  0|   2|           1|           1|
    |ap_condition_1051                 |       and|   0|  0|   2|           1|           1|
    |ap_condition_1054                 |       and|   0|  0|   2|           1|           1|
    |ap_condition_1057                 |       and|   0|  0|   2|           1|           1|
    |ap_condition_1060                 |       and|   0|  0|   2|           1|           1|
    |ap_condition_1063                 |       and|   0|  0|   2|           1|           1|
    |ap_condition_1066                 |       and|   0|  0|   2|           1|           1|
    |ap_condition_1069                 |       and|   0|  0|   2|           1|           1|
    |ap_condition_1072                 |       and|   0|  0|   2|           1|           1|
    |ap_condition_1077                 |       and|   0|  0|   2|           1|           1|
    |ap_condition_1080                 |       and|   0|  0|   2|           1|           1|
    |ap_condition_1083                 |       and|   0|  0|   2|           1|           1|
    |ap_condition_1086                 |       and|   0|  0|   2|           1|           1|
    |ap_condition_1089                 |       and|   0|  0|   2|           1|           1|
    |ap_condition_1092                 |       and|   0|  0|   2|           1|           1|
    |ap_condition_1095                 |       and|   0|  0|   2|           1|           1|
    |ap_condition_1098                 |       and|   0|  0|   2|           1|           1|
    |ap_condition_1101                 |       and|   0|  0|   2|           1|           1|
    |ap_condition_1104                 |       and|   0|  0|   2|           1|           1|
    |ap_condition_1109                 |       and|   0|  0|   2|           1|           1|
    |ap_condition_1112                 |       and|   0|  0|   2|           1|           1|
    |ap_condition_1115                 |       and|   0|  0|   2|           1|           1|
    |ap_condition_1118                 |       and|   0|  0|   2|           1|           1|
    |ap_condition_1121                 |       and|   0|  0|   2|           1|           1|
    |ap_condition_1124                 |       and|   0|  0|   2|           1|           1|
    |ap_condition_1127                 |       and|   0|  0|   2|           1|           1|
    |ap_condition_1130                 |       and|   0|  0|   2|           1|           1|
    |ap_condition_1133                 |       and|   0|  0|   2|           1|           1|
    |ap_condition_1136                 |       and|   0|  0|   2|           1|           1|
    |ap_condition_1141                 |       and|   0|  0|   2|           1|           1|
    |ap_condition_1144                 |       and|   0|  0|   2|           1|           1|
    |ap_condition_1147                 |       and|   0|  0|   2|           1|           1|
    |ap_condition_1150                 |       and|   0|  0|   2|           1|           1|
    |ap_condition_1153                 |       and|   0|  0|   2|           1|           1|
    |ap_condition_1156                 |       and|   0|  0|   2|           1|           1|
    |ap_condition_1159                 |       and|   0|  0|   2|           1|           1|
    |ap_condition_1162                 |       and|   0|  0|   2|           1|           1|
    |ap_condition_1165                 |       and|   0|  0|   2|           1|           1|
    |ap_condition_1168                 |       and|   0|  0|   2|           1|           1|
    |ap_condition_1173                 |       and|   0|  0|   2|           1|           1|
    |ap_condition_1176                 |       and|   0|  0|   2|           1|           1|
    |ap_condition_1179                 |       and|   0|  0|   2|           1|           1|
    |ap_condition_1182                 |       and|   0|  0|   2|           1|           1|
    |ap_condition_1185                 |       and|   0|  0|   2|           1|           1|
    |ap_condition_1188                 |       and|   0|  0|   2|           1|           1|
    |ap_condition_1191                 |       and|   0|  0|   2|           1|           1|
    |ap_condition_1194                 |       and|   0|  0|   2|           1|           1|
    |ap_condition_1197                 |       and|   0|  0|   2|           1|           1|
    |ap_condition_1200                 |       and|   0|  0|   2|           1|           1|
    |ap_condition_1205                 |       and|   0|  0|   2|           1|           1|
    |ap_condition_1208                 |       and|   0|  0|   2|           1|           1|
    |ap_condition_1211                 |       and|   0|  0|   2|           1|           1|
    |ap_condition_1214                 |       and|   0|  0|   2|           1|           1|
    |ap_condition_1217                 |       and|   0|  0|   2|           1|           1|
    |ap_condition_1220                 |       and|   0|  0|   2|           1|           1|
    |ap_condition_1223                 |       and|   0|  0|   2|           1|           1|
    |ap_condition_1226                 |       and|   0|  0|   2|           1|           1|
    |ap_condition_1229                 |       and|   0|  0|   2|           1|           1|
    |ap_condition_1232                 |       and|   0|  0|   2|           1|           1|
    |ap_condition_1237                 |       and|   0|  0|   2|           1|           1|
    |ap_condition_1240                 |       and|   0|  0|   2|           1|           1|
    |ap_condition_963                  |       and|   0|  0|   2|           1|           1|
    |ap_condition_969                  |       and|   0|  0|   2|           1|           1|
    |ap_condition_975                  |       and|   0|  0|   2|           1|           1|
    |ap_condition_981                  |       and|   0|  0|   2|           1|           1|
    |ap_condition_987                  |       and|   0|  0|   2|           1|           1|
    |ap_condition_993                  |       and|   0|  0|   2|           1|           1|
    |ap_condition_999                  |       and|   0|  0|   2|           1|           1|
    |ap_predicate_op106_read_state2    |       and|   0|  0|   2|           1|           1|
    |ap_predicate_op468_read_state2    |       and|   0|  0|   2|           1|           1|
    |ap_predicate_op498_read_state2    |       and|   0|  0|   2|           1|           1|
    |ap_predicate_op527_read_state2    |       and|   0|  0|   2|           1|           1|
    |icmp_ln375_fu_434_p2              |      icmp|   0|  0|  12|           4|           4|
    |icmp_ln377_fu_450_p2              |      icmp|   0|  0|  12|           4|           4|
    |icmp_ln394_fu_456_p2              |      icmp|   0|  0|  12|           4|           4|
    |icmp_ln435_1_fu_672_p2            |      icmp|   0|  0|  10|           3|           1|
    |icmp_ln435_2_fu_677_p2            |      icmp|   0|  0|  10|           3|           2|
    |icmp_ln435_3_fu_682_p2            |      icmp|   0|  0|  10|           3|           2|
    |icmp_ln435_4_fu_687_p2            |      icmp|   0|  0|  12|           3|           4|
    |icmp_ln435_5_fu_692_p2            |      icmp|   0|  0|  10|           3|           3|
    |icmp_ln435_6_fu_697_p2            |      icmp|   0|  0|  10|           3|           3|
    |icmp_ln435_fu_667_p2              |      icmp|   0|  0|  10|           3|           1|
    |ap_block_state2_pp0_stage0_iter1  |        or|   0|  0|   2|           1|           1|
    |b_45_fu_2504_p2                   |        or|   0|  0|  32|          32|           8|
    |b_46_fu_2402_p2                   |        or|   0|  0|  32|          32|          24|
    |b_47_fu_2304_p2                   |        or|   0|  0|  32|          32|          16|
    |b_48_fu_1924_p2                   |        or|   0|  0|  32|          32|           8|
    |b_49_fu_1186_p2                   |        or|   0|  0|  32|          32|          24|
    |b_50_fu_812_p2                    |        or|   0|  0|  32|          32|          16|
    |or_ln435_1_fu_708_p2              |        or|   0|  0|   2|           1|           1|
    |or_ln435_2_fu_714_p2              |        or|   0|  0|   2|           1|           1|
    |or_ln435_3_fu_720_p2              |        or|   0|  0|   2|           1|           1|
    |or_ln435_4_fu_726_p2              |        or|   0|  0|   2|           1|           1|
    |or_ln435_5_fu_732_p2              |        or|   0|  0|   2|           1|           1|
    |or_ln435_fu_702_p2                |        or|   0|  0|   2|           1|           1|
    |b_37_fu_738_p3                    |    select|   0|  0|  32|           1|          32|
    |b_38_fu_746_p3                    |    select|   0|  0|  32|           1|          32|
    |b_39_fu_754_p3                    |    select|   0|  0|  32|           1|          32|
    |b_40_fu_762_p3                    |    select|   0|  0|  32|           1|          32|
    |b_41_fu_770_p3                    |    select|   0|  0|  32|           1|          32|
    |b_42_fu_778_p3                    |    select|   0|  0|  32|           1|          32|
    |b_43_fu_786_p3                    |    select|   0|  0|  32|           1|          32|
    |b_44_fu_794_p3                    |    select|   0|  0|  32|           1|          32|
    |ap_enable_pp0                     |       xor|   0|  0|   2|           1|           2|
    +----------------------------------+----------+----+---+----+------------+------------+
    |Total                             |          |   0|  0| 754|         330|         475|
    +----------------------------------+----------+----+---+----+------------+------------+

    * Multiplexer: 
    +-------------------------+----+-----------+-----+-----------+
    |           Name          | LUT| Input Size| Bits| Total Bits|
    +-------------------------+----+-----------+-----+-----------+
    |ap_done_int              |   9|          2|    1|          2|
    |ap_enable_reg_pp0_iter1  |   9|          2|    1|          2|
    |ap_sig_allocacmp_i_5     |   9|          2|    4|          8|
    |b_10_fu_172              |  54|         10|   32|        320|
    |b_11_fu_204              |  37|          7|   32|        224|
    |b_12_fu_176              |  54|         10|   32|        320|
    |b_13_fu_208              |  37|          7|   32|        224|
    |b_14_fu_180              |  54|         10|   32|        320|
    |b_15_fu_212              |  37|          7|   32|        224|
    |b_16_fu_184              |  54|         10|   32|        320|
    |b_17_fu_216              |  37|          7|   32|        224|
    |b_3_fu_156               |  54|         10|   32|        320|
    |b_4_fu_160               |  54|         10|   32|        320|
    |b_5_fu_192               |  37|          7|   32|        224|
    |b_6_fu_164               |  54|         10|   32|        320|
    |b_7_fu_196               |  37|          7|   32|        224|
    |b_8_fu_168               |  54|         10|   32|        320|
    |b_9_fu_200               |  37|          7|   32|        224|
    |b_fu_188                 |  37|          7|   32|        224|
    |i_fu_152                 |   9|          2|    4|          8|
    |msg_strm_blk_n           |   9|          2|    1|          2|
    +-------------------------+----+-----------+-----+-----------+
    |Total                    | 773|        146|  523|       4374|
    +-------------------------+----+-----------+-----+-----------+

    * Register: 
    +-------------------------+----+----+-----+-----------+
    |           Name          | FF | LUT| Bits| Const Bits|
    +-------------------------+----+----+-----+-----------+
    |ap_CS_fsm                |   1|   0|    1|          0|
    |ap_done_reg              |   1|   0|    1|          0|
    |ap_enable_reg_pp0_iter1  |   1|   0|    1|          0|
    |b_10_fu_172              |  32|   0|   32|          0|
    |b_11_fu_204              |  32|   0|   32|          0|
    |b_12_fu_176              |  32|   0|   32|          0|
    |b_13_fu_208              |  32|   0|   32|          0|
    |b_14_fu_180              |  32|   0|   32|          0|
    |b_15_fu_212              |  32|   0|   32|          0|
    |b_16_fu_184              |  32|   0|   32|          0|
    |b_17_fu_216              |  32|   0|   32|          0|
    |b_3_fu_156               |  32|   0|   32|          0|
    |b_4_fu_160               |  32|   0|   32|          0|
    |b_5_fu_192               |  32|   0|   32|          0|
    |b_6_fu_164               |  32|   0|   32|          0|
    |b_7_fu_196               |  32|   0|   32|          0|
    |b_8_fu_168               |  32|   0|   32|          0|
    |b_9_fu_200               |  32|   0|   32|          0|
    |b_fu_188                 |  32|   0|   32|          0|
    |i_fu_152                 |   4|   0|    4|          0|
    |icmp_ln377_reg_3273      |   1|   0|    1|          0|
    |icmp_ln394_reg_3277      |   1|   0|    1|          0|
    |trunc_ln375_reg_3262     |   3|   0|    3|          0|
    +-------------------------+----+----+-----+-----------+
    |Total                    | 524|   0|  524|          0|
    +-------------------------+----+----+-----+-----------+



================================================================
== Interface
================================================================
* Summary: 
+-------------------------+-----+-----+------------+----------------------------------------------------------+--------------+
|        RTL Ports        | Dir | Bits|  Protocol  |                       Source Object                      |    C Type    |
+-------------------------+-----+-----+------------+----------------------------------------------------------+--------------+
|ap_clk                   |   in|    1|  ap_ctrl_hs|  preProcessing_Pipeline_LOOP_SHA256_GEN_COPY_TAIL_PAD_ONE|  return value|
|ap_rst                   |   in|    1|  ap_ctrl_hs|  preProcessing_Pipeline_LOOP_SHA256_GEN_COPY_TAIL_PAD_ONE|  return value|
|ap_start                 |   in|    1|  ap_ctrl_hs|  preProcessing_Pipeline_LOOP_SHA256_GEN_COPY_TAIL_PAD_ONE|  return value|
|ap_done                  |  out|    1|  ap_ctrl_hs|  preProcessing_Pipeline_LOOP_SHA256_GEN_COPY_TAIL_PAD_ONE|  return value|
|ap_idle                  |  out|    1|  ap_ctrl_hs|  preProcessing_Pipeline_LOOP_SHA256_GEN_COPY_TAIL_PAD_ONE|  return value|
|ap_ready                 |  out|    1|  ap_ctrl_hs|  preProcessing_Pipeline_LOOP_SHA256_GEN_COPY_TAIL_PAD_ONE|  return value|
|msg_strm_dout            |   in|   64|     ap_fifo|                                                  msg_strm|       pointer|
|msg_strm_num_data_valid  |   in|   16|     ap_fifo|                                                  msg_strm|       pointer|
|msg_strm_fifo_cap        |   in|   16|     ap_fifo|                                                  msg_strm|       pointer|
|msg_strm_empty_n         |   in|    1|     ap_fifo|                                                  msg_strm|       pointer|
|msg_strm_read            |  out|    1|     ap_fifo|                                                  msg_strm|       pointer|
|select_ln375             |   in|    4|     ap_none|                                              select_ln375|        scalar|
|zext_ln375               |   in|    3|     ap_none|                                                zext_ln375|        scalar|
|trunc_ln299_1            |   in|    2|     ap_none|                                             trunc_ln299_1|        scalar|
|cmp203                   |   in|    1|     ap_none|                                                    cmp203|        scalar|
|b_18_out                 |  out|   32|      ap_vld|                                                  b_18_out|       pointer|
|b_18_out_ap_vld          |  out|    1|      ap_vld|                                                  b_18_out|       pointer|
|b_17_out                 |  out|   32|      ap_vld|                                                  b_17_out|       pointer|
|b_17_out_ap_vld          |  out|    1|      ap_vld|                                                  b_17_out|       pointer|
|b_16_out                 |  out|   32|      ap_vld|                                                  b_16_out|       pointer|
|b_16_out_ap_vld          |  out|    1|      ap_vld|                                                  b_16_out|       pointer|
|b_15_out                 |  out|   32|      ap_vld|                                                  b_15_out|       pointer|
|b_15_out_ap_vld          |  out|    1|      ap_vld|                                                  b_15_out|       pointer|
|b_14_out                 |  out|   32|      ap_vld|                                                  b_14_out|       pointer|
|b_14_out_ap_vld          |  out|    1|      ap_vld|                                                  b_14_out|       pointer|
|b_13_out                 |  out|   32|      ap_vld|                                                  b_13_out|       pointer|
|b_13_out_ap_vld          |  out|    1|      ap_vld|                                                  b_13_out|       pointer|
|b_12_out                 |  out|   32|      ap_vld|                                                  b_12_out|       pointer|
|b_12_out_ap_vld          |  out|    1|      ap_vld|                                                  b_12_out|       pointer|
|b_11_out                 |  out|   32|      ap_vld|                                                  b_11_out|       pointer|
|b_11_out_ap_vld          |  out|    1|      ap_vld|                                                  b_11_out|       pointer|
|b_10_out                 |  out|   32|      ap_vld|                                                  b_10_out|       pointer|
|b_10_out_ap_vld          |  out|    1|      ap_vld|                                                  b_10_out|       pointer|
|b_9_out                  |  out|   32|      ap_vld|                                                   b_9_out|       pointer|
|b_9_out_ap_vld           |  out|    1|      ap_vld|                                                   b_9_out|       pointer|
|b_8_out                  |  out|   32|      ap_vld|                                                   b_8_out|       pointer|
|b_8_out_ap_vld           |  out|    1|      ap_vld|                                                   b_8_out|       pointer|
|b_7_out                  |  out|   32|      ap_vld|                                                   b_7_out|       pointer|
|b_7_out_ap_vld           |  out|    1|      ap_vld|                                                   b_7_out|       pointer|
|b_6_out                  |  out|   32|      ap_vld|                                                   b_6_out|       pointer|
|b_6_out_ap_vld           |  out|    1|      ap_vld|                                                   b_6_out|       pointer|
|b_5_out                  |  out|   32|      ap_vld|                                                   b_5_out|       pointer|
|b_5_out_ap_vld           |  out|    1|      ap_vld|                                                   b_5_out|       pointer|
|b_4_out                  |  out|   32|      ap_vld|                                                   b_4_out|       pointer|
|b_4_out_ap_vld           |  out|    1|      ap_vld|                                                   b_4_out|       pointer|
|b_out                    |  out|   32|      ap_vld|                                                     b_out|       pointer|
|b_out_ap_vld             |  out|    1|      ap_vld|                                                     b_out|       pointer|
+-------------------------+-----+-----+------------+----------------------------------------------------------+--------------+

