

================================================================
== Vitis HLS Report for 'sha256Digest_256_Pipeline_LOOP_SHA256_UPDATE_64_ROUNDS'
================================================================
* Date:           Wed Jun  7 23:11:38 2023

* Version:        2023.1 (Build 3854077 on May  4 2023)
* Project:        chls
* Solution:       solution1 (Vivado IP Flow Target)
* Product family: zynquplus
* Target device:  xczu7ev-ffvc1156-2-e


================================================================
== Performance Estimates
================================================================
+ Timing: 
    * Summary: 
    +--------+----------+----------+------------+
    |  Clock |  Target  | Estimated| Uncertainty|
    +--------+----------+----------+------------+
    |ap_clk  |  11.00 ns|  4.826 ns|     2.97 ns|
    +--------+----------+----------+------------+

+ Latency: 
    * Summary: 
    +---------+---------+----------+----------+-----+-----+---------+
    |  Latency (cycles) |  Latency (absolute) |  Interval | Pipeline|
    |   min   |   max   |    min   |    max   | min | max |   Type  |
    +---------+---------+----------+----------+-----+-----+---------+
    |       67|       67|  0.737 us|  0.737 us|   67|   67|       no|
    +---------+---------+----------+----------+-----+-----+---------+

    + Detail: 
        * Instance: 
        N/A

        * Loop: 
        +--------------------------------+---------+---------+----------+-----------+-----------+------+----------+
        |                                |  Latency (cycles) | Iteration|  Initiation Interval  | Trip |          |
        |            Loop Name           |   min   |   max   |  Latency |  achieved |   target  | Count| Pipelined|
        +--------------------------------+---------+---------+----------+-----------+-----------+------+----------+
        |- LOOP_SHA256_UPDATE_64_ROUNDS  |       65|       65|         2|          1|          1|    64|       yes|
        +--------------------------------+---------+---------+----------+-----------+-----------+------+----------+



================================================================
== Utilization Estimates
================================================================
* Summary: 
+-----------------+---------+------+--------+--------+-----+
|       Name      | BRAM_18K|  DSP |   FF   |   LUT  | URAM|
+-----------------+---------+------+--------+--------+-----+
|DSP              |        -|     -|       -|       -|    -|
|Expression       |        -|     -|       0|     677|    -|
|FIFO             |        -|     -|       -|       -|    -|
|Instance         |        -|     -|       0|     273|    -|
|Memory           |        -|     -|       -|       -|    -|
|Multiplexer      |        -|     -|       -|     126|    -|
|Register         |        -|     -|     306|       -|    -|
+-----------------+---------+------+--------+--------+-----+
|Total            |        0|     0|     306|    1076|    0|
+-----------------+---------+------+--------+--------+-----+
|Available        |      624|  1728|  460800|  230400|   96|
+-----------------+---------+------+--------+--------+-----+
|Utilization (%)  |        0|     0|      ~0|      ~0|    0|
+-----------------+---------+------+--------+--------+-----+

+ Detail: 
    * Instance: 
    +----------------------+-----------------+---------+----+---+-----+-----+
    |       Instance       |      Module     | BRAM_18K| DSP| FF| LUT | URAM|
    +----------------------+-----------------+---------+----+---+-----+-----+
    |mux_64_6_32_1_1_U131  |mux_64_6_32_1_1  |        0|   0|  0|  273|    0|
    +----------------------+-----------------+---------+----+---+-----+-----+
    |Total                 |                 |        0|   0|  0|  273|    0|
    +----------------------+-----------------+---------+----+---+-----+-----+

    * DSP: 
    N/A

    * Memory: 
    N/A

    * FIFO: 
    N/A

    * Expression: 
    +----------------------------------+----------+----+---+----+------------+------------+
    |           Variable Name          | Operation| DSP| FF| LUT| Bitwidth P0| Bitwidth P1|
    +----------------------------------+----------+----+---+----+------------+------------+
    |Kt_1_fu_752_p65                   |         +|   0|  0|  13|           6|           1|
    |T1_fu_621_p2                      |         +|   0|  0|  32|          32|          32|
    |a_2_fu_741_p2                     |         +|   0|  0|  32|          32|          32|
    |add_ln580_1_fu_603_p2             |         +|   0|  0|  39|          32|          32|
    |add_ln580_2_fu_609_p2             |         +|   0|  0|  32|          32|          32|
    |add_ln580_fu_615_p2               |         +|   0|  0|  39|          32|          32|
    |add_ln591_fu_735_p2               |         +|   0|  0|  32|          32|          32|
    |e_2_fu_669_p2                     |         +|   0|  0|  39|          32|          32|
    |t_2_fu_455_p2                     |         +|   0|  0|  14|           7|           1|
    |and_ln580_1_fu_571_p2             |       and|   0|  0|  32|          32|          32|
    |and_ln580_fu_565_p2               |       and|   0|  0|  32|          32|          32|
    |and_ln591_1_fu_687_p2             |       and|   0|  0|  32|          32|          32|
    |and_ln591_fu_681_p2               |       and|   0|  0|  32|          32|          32|
    |ap_block_pp0_stage0_01001         |       and|   0|  0|   2|           1|           1|
    |ap_block_state2_pp0_stage0_iter1  |       and|   0|  0|   2|           1|           1|
    |icmp_ln682_fu_449_p2              |      icmp|   0|  0|  15|           7|           8|
    |ap_enable_pp0                     |       xor|   0|  0|   2|           1|           2|
    |xor_ln580_1_fu_585_p2             |       xor|   0|  0|  32|          32|          32|
    |xor_ln580_2_fu_591_p2             |       xor|   0|  0|  32|          32|          32|
    |xor_ln580_3_fu_597_p2             |       xor|   0|  0|  32|          32|          32|
    |xor_ln580_fu_543_p2               |       xor|   0|  0|  32|          32|           2|
    |xor_ln591_1_fu_709_p2             |       xor|   0|  0|  32|          32|          32|
    |xor_ln591_2_fu_723_p2             |       xor|   0|  0|  32|          32|          32|
    |xor_ln591_3_fu_729_p2             |       xor|   0|  0|  32|          32|          32|
    |xor_ln591_fu_675_p2               |       xor|   0|  0|  32|          32|          32|
    +----------------------------------+----------+----+---+----+------------+------------+
    |Total                             |          |   0|  0| 677|         631|         592|
    +----------------------------------+----------+----+---+----+------------+------------+

    * Multiplexer: 
    +----------------------------------+----+-----------+-----+-----------+
    |               Name               | LUT| Input Size| Bits| Total Bits|
    +----------------------------------+----+-----------+-----+-----------+
    |Kt_fu_266                         |   9|          2|   32|         64|
    |ap_done_int                       |   9|          2|    1|          2|
    |ap_loop_exit_ready_pp0_iter1_reg  |   9|          2|    1|          2|
    |ap_sig_allocacmp_t_1              |   9|          2|    7|         14|
    |b_1_fu_270                        |   9|          2|   32|         64|
    |c_1_fu_250                        |   9|          2|   32|         64|
    |d_1_fu_254                        |   9|          2|   32|         64|
    |d_2_fu_274                        |   9|          2|   32|         64|
    |f_1_fu_278                        |   9|          2|   32|         64|
    |g_1_fu_258                        |   9|          2|   32|         64|
    |h_1_fu_262                        |   9|          2|   32|         64|
    |h_2_fu_282                        |   9|          2|   32|         64|
    |t_fu_246                          |   9|          2|    7|         14|
    |w_strm_blk_n                      |   9|          2|    1|          2|
    +----------------------------------+----+-----------+-----+-----------+
    |Total                             | 126|         28|  305|        610|
    +----------------------------------+----+-----------+-----+-----------+

    * Register: 
    +----------------------------------+----+----+-----+-----------+
    |               Name               | FF | LUT| Bits| Const Bits|
    +----------------------------------+----+----+-----+-----------+
    |Kt_fu_266                         |  32|   0|   32|          0|
    |ap_CS_fsm                         |   1|   0|    1|          0|
    |ap_done_reg                       |   1|   0|    1|          0|
    |ap_enable_reg_pp0_iter1           |   1|   0|    1|          0|
    |ap_loop_exit_ready_pp0_iter1_reg  |   1|   0|    1|          0|
    |b_1_fu_270                        |  32|   0|   32|          0|
    |c_1_fu_250                        |  32|   0|   32|          0|
    |d_1_fu_254                        |  32|   0|   32|          0|
    |d_2_fu_274                        |  32|   0|   32|          0|
    |f_1_fu_278                        |  32|   0|   32|          0|
    |g_1_fu_258                        |  32|   0|   32|          0|
    |h_1_fu_262                        |  32|   0|   32|          0|
    |h_2_fu_282                        |  32|   0|   32|          0|
    |icmp_ln682_reg_1021               |   1|   0|    1|          0|
    |t_fu_246                          |   7|   0|    7|          0|
    |trunc_ln600_reg_1025              |   6|   0|    6|          0|
    +----------------------------------+----+----+-----+-----------+
    |Total                             | 306|   0|  306|          0|
    +----------------------------------+----+----+-----+-----------+



================================================================
== Interface
================================================================
* Summary: 
+-----------------------+-----+-----+------------+---------------------------------------------------------+--------------+
|       RTL Ports       | Dir | Bits|  Protocol  |                      Source Object                      |    C Type    |
+-----------------------+-----+-----+------------+---------------------------------------------------------+--------------+
|ap_clk                 |   in|    1|  ap_ctrl_hs|  sha256Digest<256>_Pipeline_LOOP_SHA256_UPDATE_64_ROUNDS|  return value|
|ap_rst                 |   in|    1|  ap_ctrl_hs|  sha256Digest<256>_Pipeline_LOOP_SHA256_UPDATE_64_ROUNDS|  return value|
|ap_start               |   in|    1|  ap_ctrl_hs|  sha256Digest<256>_Pipeline_LOOP_SHA256_UPDATE_64_ROUNDS|  return value|
|ap_done                |  out|    1|  ap_ctrl_hs|  sha256Digest<256>_Pipeline_LOOP_SHA256_UPDATE_64_ROUNDS|  return value|
|ap_idle                |  out|    1|  ap_ctrl_hs|  sha256Digest<256>_Pipeline_LOOP_SHA256_UPDATE_64_ROUNDS|  return value|
|ap_ready               |  out|    1|  ap_ctrl_hs|  sha256Digest<256>_Pipeline_LOOP_SHA256_UPDATE_64_ROUNDS|  return value|
|w_strm_dout            |   in|   32|     ap_fifo|                                                   w_strm|       pointer|
|w_strm_num_data_valid  |   in|    6|     ap_fifo|                                                   w_strm|       pointer|
|w_strm_fifo_cap        |   in|    6|     ap_fifo|                                                   w_strm|       pointer|
|w_strm_empty_n         |   in|    1|     ap_fifo|                                                   w_strm|       pointer|
|w_strm_read            |  out|    1|     ap_fifo|                                                   w_strm|       pointer|
|h                      |   in|   32|     ap_none|                                                        h|        scalar|
|g                      |   in|   32|     ap_none|                                                        g|        scalar|
|f                      |   in|   32|     ap_none|                                                        f|        scalar|
|e                      |   in|   32|     ap_none|                                                        e|        scalar|
|d                      |   in|   32|     ap_none|                                                        d|        scalar|
|c                      |   in|   32|     ap_none|                                                        c|        scalar|
|b                      |   in|   32|     ap_none|                                                        b|        scalar|
|a                      |   in|   32|     ap_none|                                                        a|        scalar|
|h_1_out                |  out|   32|      ap_vld|                                                  h_1_out|       pointer|
|h_1_out_ap_vld         |  out|    1|      ap_vld|                                                  h_1_out|       pointer|
|g_3_out                |  out|   32|      ap_vld|                                                  g_3_out|       pointer|
|g_3_out_ap_vld         |  out|    1|      ap_vld|                                                  g_3_out|       pointer|
|f_3_out                |  out|   32|      ap_vld|                                                  f_3_out|       pointer|
|f_3_out_ap_vld         |  out|    1|      ap_vld|                                                  f_3_out|       pointer|
|e_3_out                |  out|   32|      ap_vld|                                                  e_3_out|       pointer|
|e_3_out_ap_vld         |  out|    1|      ap_vld|                                                  e_3_out|       pointer|
|d_1_out                |  out|   32|      ap_vld|                                                  d_1_out|       pointer|
|d_1_out_ap_vld         |  out|    1|      ap_vld|                                                  d_1_out|       pointer|
|c_3_out                |  out|   32|      ap_vld|                                                  c_3_out|       pointer|
|c_3_out_ap_vld         |  out|    1|      ap_vld|                                                  c_3_out|       pointer|
|b_3_out                |  out|   32|      ap_vld|                                                  b_3_out|       pointer|
|b_3_out_ap_vld         |  out|    1|      ap_vld|                                                  b_3_out|       pointer|
|a_3_out                |  out|   32|      ap_vld|                                                  a_3_out|       pointer|
|a_3_out_ap_vld         |  out|    1|      ap_vld|                                                  a_3_out|       pointer|
+-----------------------+-----+-----+------------+---------------------------------------------------------+--------------+

