

================================================================
== Vitis HLS Report for 'generic_modf_double_s'
================================================================
* Date:           Wed Jun  7 23:11:33 2023

* Version:        2023.1 (Build 3854077 on May  4 2023)
* Project:        chls
* Solution:       solution1 (Vivado IP Flow Target)
* Product family: zynquplus
* Target device:  xczu7ev-ffvc1156-2-e


================================================================
== Performance Estimates
================================================================
+ Timing: 
    * Summary: 
    +--------+----------+----------+------------+
    |  Clock |  Target  | Estimated| Uncertainty|
    +--------+----------+----------+------------+
    |ap_clk  |  11.00 ns|  3.444 ns|     2.97 ns|
    +--------+----------+----------+------------+

+ Latency: 
    * Summary: 
    +---------+---------+-----------+-----------+-----+-----+---------+
    |  Latency (cycles) |   Latency (absolute)  |  Interval | Pipeline|
    |   min   |   max   |    min    |    max    | min | max |   Type  |
    +---------+---------+-----------+-----------+-----+-----+---------+
    |        1|        1|  11.000 ns|  11.000 ns|    1|    1|       no|
    +---------+---------+-----------+-----------+-----+-----+---------+

    + Detail: 
        * Instance: 
        N/A

        * Loop: 
        N/A

============================================================
+ Verbose Summary: Synthesis Manager
============================================================
InlineROM: 1
ExposeGlobal: 0
============================================================
+ Verbose Summary: CDFG Model
============================================================
IsTopModel: 0
ResetActiveHigh: 1
IsCombinational: 0
IsDatapathOnly: 0
HasWiredReturn: 1
HasMFsm: 0
HasVarLatency: 1
IsPipeline: 0
IsRtlPipelined: 0
IsInstanceOverlapped: 0
IsDontTouch: 0
HasImplIP: 0
IsGatedGlobalClock: 0


============================================================
+ Verbose Summary: Schedule
============================================================
* Number of FSM states : 2
* Pipeline : 0
* Dataflow Pipeline: 0

* FSM state transitions: 
1 --> 2 
2 --> 

* FSM state operations: 

State 1 <SV = 0> <Delay = 1.23>
ST_1 : Operation 3 [1/1] (0.00ns)   --->   "%x_read = read i64 @_ssdm_op_Read.ap_auto.double, i64 %x" [/wrk/ci/prod/2023.1/hls_product/continuous/1026/2023.1/src/shared/hls/clib/hlsmath/include/FloatingPoint/hls_modf.h:15]   --->   Operation 3 'read' 'x_read' <Predicate = true> <Delay = 0.00>
ST_1 : Operation 4 [1/1] (0.00ns)   --->   "%data = bitcast i64 %x_read" [/wrk/ci/prod/2023.1/hls_product/continuous/1026/2023.1/src/shared/hls/clib/src/hls/utils/x_hls_utils.h:488->/wrk/ci/prod/2023.1/hls_product/continuous/1026/2023.1/src/shared/hls/clib/hlsmath/include/FloatingPoint/hls_modf.h:19]   --->   Operation 4 'bitcast' 'data' <Predicate = true> <Delay = 0.00>
ST_1 : Operation 5 [1/1] (0.00ns)   --->   "%xs_sign = bitselect i1 @_ssdm_op_BitSelect.i1.i64.i32, i64 %data, i32 63" [/wrk/ci/prod/2023.1/hls_product/continuous/1026/2023.1/src/shared/hls/clib/src/hls/utils/x_hls_utils.h:489->/wrk/ci/prod/2023.1/hls_product/continuous/1026/2023.1/src/shared/hls/clib/hlsmath/include/FloatingPoint/hls_modf.h:19]   --->   Operation 5 'bitselect' 'xs_sign' <Predicate = true> <Delay = 0.00>
ST_1 : Operation 6 [1/1] (0.00ns)   --->   "%xs_exp = partselect i11 @_ssdm_op_PartSelect.i11.i64.i32.i32, i64 %data, i32 52, i32 62" [/wrk/ci/prod/2023.1/hls_product/continuous/1026/2023.1/src/shared/hls/clib/src/hls/utils/x_hls_utils.h:490->/wrk/ci/prod/2023.1/hls_product/continuous/1026/2023.1/src/shared/hls/clib/hlsmath/include/FloatingPoint/hls_modf.h:19]   --->   Operation 6 'partselect' 'xs_exp' <Predicate = true> <Delay = 0.00>
ST_1 : Operation 7 [1/1] (0.00ns)   --->   "%xs_sig = trunc i64 %data" [/wrk/ci/prod/2023.1/hls_product/continuous/1026/2023.1/src/shared/hls/clib/src/hls/utils/x_hls_utils.h:491->/wrk/ci/prod/2023.1/hls_product/continuous/1026/2023.1/src/shared/hls/clib/hlsmath/include/FloatingPoint/hls_modf.h:19]   --->   Operation 7 'trunc' 'xs_sig' <Predicate = true> <Delay = 0.00>
ST_1 : Operation 8 [1/1] (0.00ns)   --->   "%index = partselect i6 @_ssdm_op_PartSelect.i6.i64.i32.i32, i64 %data, i32 52, i32 57" [/wrk/ci/prod/2023.1/hls_product/continuous/1026/2023.1/src/shared/hls/clib/hlsmath/include/FloatingPoint/hls_modf.h:40]   --->   Operation 8 'partselect' 'index' <Predicate = true> <Delay = 0.00>
ST_1 : Operation 9 [1/1] (0.00ns)   --->   "%zext_ln41 = zext i6 %index" [/wrk/ci/prod/2023.1/hls_product/continuous/1026/2023.1/src/shared/hls/clib/hlsmath/include/FloatingPoint/hls_modf.h:41]   --->   Operation 9 'zext' 'zext_ln41' <Predicate = true> <Delay = 0.00>
ST_1 : Operation 10 [1/1] (0.00ns)   --->   "%mask_table_addr = getelementptr i52 %mask_table, i64 0, i64 %zext_ln41" [/wrk/ci/prod/2023.1/hls_product/continuous/1026/2023.1/src/shared/hls/clib/hlsmath/include/FloatingPoint/hls_modf.h:41]   --->   Operation 10 'getelementptr' 'mask_table_addr' <Predicate = true> <Delay = 0.00>
ST_1 : Operation 11 [2/2] (1.23ns)   --->   "%mask = load i6 %mask_table_addr" [/wrk/ci/prod/2023.1/hls_product/continuous/1026/2023.1/src/shared/hls/clib/hlsmath/include/FloatingPoint/hls_modf.h:45]   --->   Operation 11 'load' 'mask' <Predicate = true> <Delay = 1.23> <CoreInst = "ROM">   --->   Core 101 'ROM' <Latency = 1> <II = 1> <Delay = 1.23> <Storage> <Opcode : 'load'> <Ports = 0> <Width = 52> <Depth = 64> <ROM>

State 2 <SV = 1> <Delay = 3.44>
ST_2 : Operation 12 [1/1] (0.79ns)   --->   "%icmp_ln21 = icmp_ult  i11 %xs_exp, i11 1023" [/wrk/ci/prod/2023.1/hls_product/continuous/1026/2023.1/src/shared/hls/clib/hlsmath/include/FloatingPoint/hls_modf.h:21]   --->   Operation 12 'icmp' 'icmp_ln21' <Predicate = true> <Delay = 0.79> <CoreInst = "Cmp">   --->   Core 9 'Cmp' <Latency = 0> <II = 1> <Delay = 0.79> <FuncUnit> <Opcode : 'icmp'> <InPorts = 2> <OutPorts = 1>
ST_2 : Operation 13 [1/1] (0.79ns)   --->   "%icmp_ln24 = icmp_ugt  i11 %xs_exp, i11 1075" [/wrk/ci/prod/2023.1/hls_product/continuous/1026/2023.1/src/shared/hls/clib/hlsmath/include/FloatingPoint/hls_modf.h:24]   --->   Operation 13 'icmp' 'icmp_ln24' <Predicate = true> <Delay = 0.79> <CoreInst = "Cmp">   --->   Core 9 'Cmp' <Latency = 0> <II = 1> <Delay = 0.79> <FuncUnit> <Opcode : 'icmp'> <InPorts = 2> <OutPorts = 1>
ST_2 : Operation 14 [1/1] (0.79ns)   --->   "%icmp_ln18 = icmp_eq  i11 %xs_exp, i11 2047" [/wrk/ci/prod/2023.1/hls_product/continuous/1026/2023.1/src/shared/hls/clib/hlsmath/include/FloatingPoint/hls_isnan.h:18->/wrk/ci/prod/2023.1/hls_product/continuous/1026/2023.1/src/shared/hls/clib/hlsmath/include/FloatingPoint/hls_modf.h:27]   --->   Operation 14 'icmp' 'icmp_ln18' <Predicate = true> <Delay = 0.79> <CoreInst = "Cmp">   --->   Core 9 'Cmp' <Latency = 0> <II = 1> <Delay = 0.79> <FuncUnit> <Opcode : 'icmp'> <InPorts = 2> <OutPorts = 1>
ST_2 : Operation 15 [1/1] (1.10ns)   --->   "%icmp_ln18_1 = icmp_ne  i52 %xs_sig, i52 0" [/wrk/ci/prod/2023.1/hls_product/continuous/1026/2023.1/src/shared/hls/clib/hlsmath/include/FloatingPoint/hls_isnan.h:18->/wrk/ci/prod/2023.1/hls_product/continuous/1026/2023.1/src/shared/hls/clib/hlsmath/include/FloatingPoint/hls_modf.h:27]   --->   Operation 15 'icmp' 'icmp_ln18_1' <Predicate = true> <Delay = 1.10> <CoreInst = "Cmp">   --->   Core 9 'Cmp' <Latency = 0> <II = 1> <Delay = 1.10> <FuncUnit> <Opcode : 'icmp'> <InPorts = 2> <OutPorts = 1>
ST_2 : Operation 16 [1/2] (1.23ns)   --->   "%mask = load i6 %mask_table_addr" [/wrk/ci/prod/2023.1/hls_product/continuous/1026/2023.1/src/shared/hls/clib/hlsmath/include/FloatingPoint/hls_modf.h:45]   --->   Operation 16 'load' 'mask' <Predicate = true> <Delay = 1.23> <CoreInst = "ROM">   --->   Core 101 'ROM' <Latency = 1> <II = 1> <Delay = 1.23> <Storage> <Opcode : 'load'> <Ports = 0> <Width = 52> <Depth = 64> <ROM>
ST_2 : Operation 17 [1/1] (0.28ns)   --->   "%xf_sig = and i52 %mask, i52 %xs_sig" [/wrk/ci/prod/2023.1/hls_product/continuous/1026/2023.1/src/shared/hls/clib/hlsmath/include/FloatingPoint/hls_modf.h:45]   --->   Operation 17 'and' 'xf_sig' <Predicate = true> <Delay = 0.28> <CoreInst = "LogicGate">   --->   Core 74 'LogicGate' <Latency = 0> <II = 1> <Delay = 0.28> <FuncUnit> <Opcode : 'and' 'or' 'xor'> <InPorts = 2> <OutPorts = 1>
ST_2 : Operation 18 [1/1] (0.00ns)   --->   "%tmp = partselect i52 @llvm.part.select.i52, i52 %xf_sig, i32 51, i32 0" [/wrk/ci/prod/2023.1/hls_product/continuous/1026/2023.1/src/shared/hls/clib/hlsmath/include/FloatingPoint/hls_modf.h:47]   --->   Operation 18 'partselect' 'tmp' <Predicate = true> <Delay = 0.00>
ST_2 : Operation 19 [1/1] (0.00ns)   --->   "%tmp_s = bitconcatenate i53 @_ssdm_op_BitConcatenate.i53.i1.i52, i1 1, i52 %tmp" [/wrk/ci/prod/2023.1/hls_product/continuous/1026/2023.1/src/shared/hls/clib/hlsmath/include/FloatingPoint/hls_modf.h:47]   --->   Operation 19 'bitconcatenate' 'tmp_s' <Predicate = true> <Delay = 0.00>
ST_2 : Operation 20 [1/1] (0.00ns)   --->   "%sext_ln47 = sext i53 %tmp_s" [/wrk/ci/prod/2023.1/hls_product/continuous/1026/2023.1/src/shared/hls/clib/hlsmath/include/FloatingPoint/hls_modf.h:47]   --->   Operation 20 'sext' 'sext_ln47' <Predicate = true> <Delay = 0.00>
ST_2 : Operation 21 [1/1] (0.00ns)   --->   "%tmp_9 = cttz i64 @llvm.cttz.i64, i64 %sext_ln47, i1 1" [/wrk/ci/prod/2023.1/hls_product/continuous/1026/2023.1/src/shared/hls/clib/hlsmath/include/FloatingPoint/hls_modf.h:47]   --->   Operation 21 'cttz' 'tmp_9' <Predicate = true> <Delay = 0.00>
ST_2 : Operation 22 [1/1] (0.00ns) (grouped into LUT with out node xf_sig_1)   --->   "%zeros = trunc i64 %tmp_9" [/wrk/ci/prod/2023.1/hls_product/continuous/1026/2023.1/src/shared/hls/clib/hlsmath/include/FloatingPoint/hls_modf.h:47]   --->   Operation 22 'trunc' 'zeros' <Predicate = true> <Delay = 0.00>
ST_2 : Operation 23 [1/1] (1.10ns)   --->   "%icmp_ln50 = icmp_eq  i52 %xf_sig, i52 0" [/wrk/ci/prod/2023.1/hls_product/continuous/1026/2023.1/src/shared/hls/clib/hlsmath/include/FloatingPoint/hls_modf.h:50]   --->   Operation 23 'icmp' 'icmp_ln50' <Predicate = true> <Delay = 1.10> <CoreInst = "Cmp">   --->   Core 9 'Cmp' <Latency = 0> <II = 1> <Delay = 1.10> <FuncUnit> <Opcode : 'icmp'> <InPorts = 2> <OutPorts = 1>
ST_2 : Operation 24 [1/1] (0.00ns) (grouped into LUT with out node select_ln18)   --->   "%t = bitconcatenate i64 @_ssdm_op_BitConcatenate.i64.i1.i63, i1 %xs_sign, i63 0" [/wrk/ci/prod/2023.1/hls_product/continuous/1026/2023.1/src/shared/hls/clib/src/hls/utils/x_hls_utils.h:508->/wrk/ci/prod/2023.1/hls_product/continuous/1026/2023.1/src/shared/hls/clib/src/hls/utils/x_hls_utils.h:525->/wrk/ci/prod/2023.1/hls_product/continuous/1026/2023.1/src/shared/hls/clib/src/hls/utils/x_hls_utils.h:539->/wrk/ci/prod/2023.1/hls_product/continuous/1026/2023.1/src/shared/hls/clib/hlsmath/include/FloatingPoint/hls_copysign.h:14->/wrk/ci/prod/2023.1/hls_product/continuous/1026/2023.1/src/shared/hls/clib/hlsmath/include/FloatingPoint/hls_modf.h:34]   --->   Operation 24 'bitconcatenate' 't' <Predicate = true> <Delay = 0.00>
ST_2 : Operation 25 [1/1] (0.00ns) (grouped into LUT with out node select_ln18)   --->   "%bitcast_ln526_1 = bitcast i64 %t" [/wrk/ci/prod/2023.1/hls_product/continuous/1026/2023.1/src/shared/hls/clib/src/hls/utils/x_hls_utils.h:526->/wrk/ci/prod/2023.1/hls_product/continuous/1026/2023.1/src/shared/hls/clib/src/hls/utils/x_hls_utils.h:539->/wrk/ci/prod/2023.1/hls_product/continuous/1026/2023.1/src/shared/hls/clib/hlsmath/include/FloatingPoint/hls_copysign.h:14->/wrk/ci/prod/2023.1/hls_product/continuous/1026/2023.1/src/shared/hls/clib/hlsmath/include/FloatingPoint/hls_modf.h:34]   --->   Operation 25 'bitcast' 'bitcast_ln526_1' <Predicate = true> <Delay = 0.00>
ST_2 : Operation 26 [1/1] (0.00ns)   --->   "%trunc_ln50 = trunc i64 %tmp_9" [/wrk/ci/prod/2023.1/hls_product/continuous/1026/2023.1/src/shared/hls/clib/hlsmath/include/FloatingPoint/hls_modf.h:50]   --->   Operation 26 'trunc' 'trunc_ln50' <Predicate = true> <Delay = 0.00>
ST_2 : Operation 27 [1/1] (0.00ns) (grouped into TernaryAdder)   --->   "%add_ln50 = add i11 %xs_exp, i11 2047" [/wrk/ci/prod/2023.1/hls_product/continuous/1026/2023.1/src/shared/hls/clib/hlsmath/include/FloatingPoint/hls_modf.h:50]   --->   Operation 27 'add' 'add_ln50' <Predicate = true> <Delay = 0.00> <CoreInst = "TAddSub">   --->   Core 10 'TAddSub' <Latency = 0> <II = 1> <Delay = 0.45> <IPBlock> <Opcode : '<invalid operator> ' 'add' 'sub'> <InPorts = 3> <OutPorts = 1> <Sync> <CReg>
ST_2 : Operation 28 [1/1] (0.91ns) (root node of TernaryAdder)   --->   "%xf_exp = sub i11 %add_ln50, i11 %trunc_ln50" [/wrk/ci/prod/2023.1/hls_product/continuous/1026/2023.1/src/shared/hls/clib/hlsmath/include/FloatingPoint/hls_modf.h:50]   --->   Operation 28 'sub' 'xf_exp' <Predicate = true> <Delay = 0.91> <CoreInst = "TAddSub">   --->   Core 10 'TAddSub' <Latency = 0> <II = 1> <Delay = 0.45> <IPBlock> <Opcode : '<invalid operator> ' 'add' 'sub'> <InPorts = 3> <OutPorts = 1> <Sync> <CReg>
ST_2 : Operation 29 [1/1] (0.00ns) (grouped into LUT with out node select_ln24)   --->   "%xf_exp_1 = select i1 %icmp_ln50, i11 0, i11 %xf_exp" [/wrk/ci/prod/2023.1/hls_product/continuous/1026/2023.1/src/shared/hls/clib/hlsmath/include/FloatingPoint/hls_modf.h:50]   --->   Operation 29 'select' 'xf_exp_1' <Predicate = true> <Delay = 0.00> <CoreInst = "Sel">   --->   Core 73 'Sel' <Latency = 0> <II = 1> <Delay = 0.38> <FuncUnit> <Opcode : 'select'> <InPorts = 3> <OutPorts = 1>
ST_2 : Operation 30 [1/1] (0.00ns) (grouped into LUT with out node xf_sig_1)   --->   "%shl_ln52 = shl i52 %xf_sig, i52 1" [/wrk/ci/prod/2023.1/hls_product/continuous/1026/2023.1/src/shared/hls/clib/hlsmath/include/FloatingPoint/hls_modf.h:52]   --->   Operation 30 'shl' 'shl_ln52' <Predicate = true> <Delay = 0.00>
ST_2 : Operation 31 [1/1] (0.00ns) (grouped into LUT with out node xf_sig_1)   --->   "%zext_ln52 = zext i32 %zeros" [/wrk/ci/prod/2023.1/hls_product/continuous/1026/2023.1/src/shared/hls/clib/hlsmath/include/FloatingPoint/hls_modf.h:52]   --->   Operation 31 'zext' 'zext_ln52' <Predicate = true> <Delay = 0.00>
ST_2 : Operation 32 [1/1] (1.49ns) (out node of the LUT)   --->   "%xf_sig_1 = shl i52 %shl_ln52, i52 %zext_ln52" [/wrk/ci/prod/2023.1/hls_product/continuous/1026/2023.1/src/shared/hls/clib/hlsmath/include/FloatingPoint/hls_modf.h:52]   --->   Operation 32 'shl' 'xf_sig_1' <Predicate = true> <Delay = 1.49> <CoreInst = "Shifter">   --->   Core 75 'Shifter' <Latency = 0> <II = 1> <Delay = 1.49> <FuncUnit> <Opcode : 'shl' 'lshr' 'ashr'> <InPorts = 2> <OutPorts = 1>
ST_2 : Operation 33 [1/1] (0.00ns) (grouped into LUT with out node select_ln24)   --->   "%t_4 = bitconcatenate i64 @_ssdm_op_BitConcatenate.i64.i1.i11.i52, i1 %xs_sign, i11 %xf_exp_1, i52 %xf_sig_1" [/wrk/ci/prod/2023.1/hls_product/continuous/1026/2023.1/src/shared/hls/clib/src/hls/utils/x_hls_utils.h:508->/wrk/ci/prod/2023.1/hls_product/continuous/1026/2023.1/src/shared/hls/clib/src/hls/utils/x_hls_utils.h:525->/wrk/ci/prod/2023.1/hls_product/continuous/1026/2023.1/src/shared/hls/clib/src/hls/utils/x_hls_utils.h:539->/wrk/ci/prod/2023.1/hls_product/continuous/1026/2023.1/src/shared/hls/clib/hlsmath/include/FloatingPoint/hls_modf.h:59]   --->   Operation 33 'bitconcatenate' 't_4' <Predicate = true> <Delay = 0.00>
ST_2 : Operation 34 [1/1] (0.00ns) (grouped into LUT with out node select_ln24)   --->   "%bitcast_ln526 = bitcast i64 %t_4" [/wrk/ci/prod/2023.1/hls_product/continuous/1026/2023.1/src/shared/hls/clib/src/hls/utils/x_hls_utils.h:526->/wrk/ci/prod/2023.1/hls_product/continuous/1026/2023.1/src/shared/hls/clib/src/hls/utils/x_hls_utils.h:539->/wrk/ci/prod/2023.1/hls_product/continuous/1026/2023.1/src/shared/hls/clib/hlsmath/include/FloatingPoint/hls_modf.h:59]   --->   Operation 34 'bitcast' 'bitcast_ln526' <Predicate = true> <Delay = 0.00>
ST_2 : Operation 35 [1/1] (0.00ns) (grouped into LUT with out node select_ln18)   --->   "%select_ln21 = select i1 %icmp_ln21, i64 %x_read, i64 %bitcast_ln526_1" [/wrk/ci/prod/2023.1/hls_product/continuous/1026/2023.1/src/shared/hls/clib/hlsmath/include/FloatingPoint/hls_modf.h:21]   --->   Operation 35 'select' 'select_ln21' <Predicate = true> <Delay = 0.00> <CoreInst = "Sel">   --->   Core 73 'Sel' <Latency = 0> <II = 1> <Delay = 0.42> <FuncUnit> <Opcode : 'select'> <InPorts = 3> <OutPorts = 1>
ST_2 : Operation 36 [1/1] (0.00ns) (grouped into LUT with out node and_ln18_2)   --->   "%xor_ln21 = xor i1 %icmp_ln21, i1 1" [/wrk/ci/prod/2023.1/hls_product/continuous/1026/2023.1/src/shared/hls/clib/hlsmath/include/FloatingPoint/hls_modf.h:21]   --->   Operation 36 'xor' 'xor_ln21' <Predicate = true> <Delay = 0.00> <CoreInst = "LogicGate">   --->   Core 74 'LogicGate' <Latency = 0> <II = 1> <Delay = 0.28> <FuncUnit> <Opcode : 'and' 'or' 'xor'> <InPorts = 2> <OutPorts = 1>
ST_2 : Operation 37 [1/1] (0.00ns) (grouped into LUT with out node and_ln18_2)   --->   "%and_ln18 = and i1 %icmp_ln24, i1 %xor_ln21" [/wrk/ci/prod/2023.1/hls_product/continuous/1026/2023.1/src/shared/hls/clib/hlsmath/include/FloatingPoint/hls_isnan.h:18->/wrk/ci/prod/2023.1/hls_product/continuous/1026/2023.1/src/shared/hls/clib/hlsmath/include/FloatingPoint/hls_modf.h:27]   --->   Operation 37 'and' 'and_ln18' <Predicate = true> <Delay = 0.00> <CoreInst = "LogicGate">   --->   Core 74 'LogicGate' <Latency = 0> <II = 1> <Delay = 0.28> <FuncUnit> <Opcode : 'and' 'or' 'xor'> <InPorts = 2> <OutPorts = 1>
ST_2 : Operation 38 [1/1] (0.00ns) (grouped into LUT with out node and_ln18_2)   --->   "%and_ln18_1 = and i1 %icmp_ln18_1, i1 %icmp_ln18" [/wrk/ci/prod/2023.1/hls_product/continuous/1026/2023.1/src/shared/hls/clib/hlsmath/include/FloatingPoint/hls_isnan.h:18->/wrk/ci/prod/2023.1/hls_product/continuous/1026/2023.1/src/shared/hls/clib/hlsmath/include/FloatingPoint/hls_modf.h:27]   --->   Operation 38 'and' 'and_ln18_1' <Predicate = true> <Delay = 0.00> <CoreInst = "LogicGate">   --->   Core 74 'LogicGate' <Latency = 0> <II = 1> <Delay = 0.28> <FuncUnit> <Opcode : 'and' 'or' 'xor'> <InPorts = 2> <OutPorts = 1>
ST_2 : Operation 39 [1/1] (0.28ns) (out node of the LUT)   --->   "%and_ln18_2 = and i1 %and_ln18_1, i1 %and_ln18" [/wrk/ci/prod/2023.1/hls_product/continuous/1026/2023.1/src/shared/hls/clib/hlsmath/include/FloatingPoint/hls_isnan.h:18->/wrk/ci/prod/2023.1/hls_product/continuous/1026/2023.1/src/shared/hls/clib/hlsmath/include/FloatingPoint/hls_modf.h:27]   --->   Operation 39 'and' 'and_ln18_2' <Predicate = true> <Delay = 0.28> <CoreInst = "LogicGate">   --->   Core 74 'LogicGate' <Latency = 0> <II = 1> <Delay = 0.28> <FuncUnit> <Opcode : 'and' 'or' 'xor'> <InPorts = 2> <OutPorts = 1>
ST_2 : Operation 40 [1/1] (0.42ns) (out node of the LUT)   --->   "%select_ln18 = select i1 %and_ln18_2, i64 nan, i64 %select_ln21" [/wrk/ci/prod/2023.1/hls_product/continuous/1026/2023.1/src/shared/hls/clib/hlsmath/include/FloatingPoint/hls_isnan.h:18->/wrk/ci/prod/2023.1/hls_product/continuous/1026/2023.1/src/shared/hls/clib/hlsmath/include/FloatingPoint/hls_modf.h:27]   --->   Operation 40 'select' 'select_ln18' <Predicate = true> <Delay = 0.42> <CoreInst = "Sel">   --->   Core 73 'Sel' <Latency = 0> <II = 1> <Delay = 0.42> <FuncUnit> <Opcode : 'select'> <InPorts = 3> <OutPorts = 1>
ST_2 : Operation 41 [1/1] (0.00ns) (grouped into LUT with out node select_ln24)   --->   "%or_ln24 = or i1 %icmp_ln21, i1 %icmp_ln24" [/wrk/ci/prod/2023.1/hls_product/continuous/1026/2023.1/src/shared/hls/clib/hlsmath/include/FloatingPoint/hls_modf.h:24]   --->   Operation 41 'or' 'or_ln24' <Predicate = true> <Delay = 0.00> <CoreInst = "LogicGate">   --->   Core 74 'LogicGate' <Latency = 0> <II = 1> <Delay = 0.28> <FuncUnit> <Opcode : 'and' 'or' 'xor'> <InPorts = 2> <OutPorts = 1>
ST_2 : Operation 42 [1/1] (0.42ns) (out node of the LUT)   --->   "%select_ln24 = select i1 %or_ln24, i64 %select_ln18, i64 %bitcast_ln526" [/wrk/ci/prod/2023.1/hls_product/continuous/1026/2023.1/src/shared/hls/clib/hlsmath/include/FloatingPoint/hls_modf.h:24]   --->   Operation 42 'select' 'select_ln24' <Predicate = true> <Delay = 0.42> <CoreInst = "Sel">   --->   Core 73 'Sel' <Latency = 0> <II = 1> <Delay = 0.42> <FuncUnit> <Opcode : 'select'> <InPorts = 3> <OutPorts = 1>
ST_2 : Operation 43 [1/1] (0.00ns)   --->   "%ret_ln24 = ret i64 %select_ln24" [/wrk/ci/prod/2023.1/hls_product/continuous/1026/2023.1/src/shared/hls/clib/hlsmath/include/FloatingPoint/hls_modf.h:24]   --->   Operation 43 'ret' 'ret_ln24' <Predicate = true> <Delay = 0.00>


============================================================
+ Verbose Summary: Timing violations
============================================================
Target clock period: 11.000ns, clock uncertainty: 2.970ns.

 <State 1>: 1.237ns
The critical path consists of the following:
	wire read operation ('x', /wrk/ci/prod/2023.1/hls_product/continuous/1026/2023.1/src/shared/hls/clib/hlsmath/include/FloatingPoint/hls_modf.h:15) on port 'x' (/wrk/ci/prod/2023.1/hls_product/continuous/1026/2023.1/src/shared/hls/clib/hlsmath/include/FloatingPoint/hls_modf.h:15) [3]  (0.000 ns)
	'getelementptr' operation ('mask_table_addr', /wrk/ci/prod/2023.1/hls_product/continuous/1026/2023.1/src/shared/hls/clib/hlsmath/include/FloatingPoint/hls_modf.h:41) [14]  (0.000 ns)
	'load' operation ('mask', /wrk/ci/prod/2023.1/hls_product/continuous/1026/2023.1/src/shared/hls/clib/hlsmath/include/FloatingPoint/hls_modf.h:45) on array 'mask_table' [15]  (1.237 ns)

 <State 2>: 3.444ns
The critical path consists of the following:
	'load' operation ('mask', /wrk/ci/prod/2023.1/hls_product/continuous/1026/2023.1/src/shared/hls/clib/hlsmath/include/FloatingPoint/hls_modf.h:45) on array 'mask_table' [15]  (1.237 ns)
	'and' operation ('xf.sig', /wrk/ci/prod/2023.1/hls_product/continuous/1026/2023.1/src/shared/hls/clib/hlsmath/include/FloatingPoint/hls_modf.h:45) [16]  (0.283 ns)
	'shl' operation ('shl_ln52', /wrk/ci/prod/2023.1/hls_product/continuous/1026/2023.1/src/shared/hls/clib/hlsmath/include/FloatingPoint/hls_modf.h:52) [29]  (0.000 ns)
	'shl' operation ('xf.sig', /wrk/ci/prod/2023.1/hls_product/continuous/1026/2023.1/src/shared/hls/clib/hlsmath/include/FloatingPoint/hls_modf.h:52) [31]  (1.499 ns)
	'select' operation ('select_ln24', /wrk/ci/prod/2023.1/hls_product/continuous/1026/2023.1/src/shared/hls/clib/hlsmath/include/FloatingPoint/hls_modf.h:24) [41]  (0.424 ns)


============================================================
+ Verbose Summary: Binding
============================================================
N/A
* FSMD analyzer results:
  - Output states:
 - Input state : 
  - Chain level:
	State 1
	State 2


============================================================
+ Verbose Summary: Datapath Resource usage 
============================================================
N/A
