

================================================================
== Vitis HLS Report for 'get_image_stream'
================================================================
* Date:           Wed Jun  7 23:11:28 2023

* Version:        2023.1 (Build 3854077 on May  4 2023)
* Project:        chls
* Solution:       solution1 (Vivado IP Flow Target)
* Product family: zynquplus
* Target device:  xczu7ev-ffvc1156-2-e


================================================================
== Performance Estimates
================================================================
+ Timing: 
    * Summary: 
    +--------+----------+----------+------------+
    |  Clock |  Target  | Estimated| Uncertainty|
    +--------+----------+----------+------------+
    |ap_clk  |  11.00 ns|  1.838 ns|     2.97 ns|
    +--------+----------+----------+------------+

+ Latency: 
    * Summary: 
    +---------+---------+----------+----------+-------+-------+---------+
    |  Latency (cycles) |  Latency (absolute) |    Interval   | Pipeline|
    |   min   |   max   |    min   |    max   |  min  |  max  |   Type  |
    +---------+---------+----------+----------+-------+-------+---------+
    |    32774|    32774|  0.361 ms|  0.361 ms|  32774|  32774|       no|
    +---------+---------+----------+----------+-------+-------+---------+

    + Detail: 
        * Instance: 
        N/A

        * Loop: 
        N/A

============================================================
+ Verbose Summary: Synthesis Manager
============================================================
InlineROM: 1
ExposeGlobal: 0
============================================================
+ Verbose Summary: CDFG Model
============================================================
IsTopModel: 0
ResetActiveHigh: 1
IsCombinational: 2
IsDatapathOnly: 0
HasWiredReturn: 1
HasMFsm: 0
HasVarLatency: 1
IsPipeline: 0
IsRtlPipelined: 0
IsInstanceOverlapped: 0
IsDontTouch: 0
HasImplIP: 0
IsGatedGlobalClock: 0


============================================================
+ Verbose Summary: Schedule
============================================================
* Number of FSM states : 5
* Pipeline : 0
* Dataflow Pipeline: 0

* FSM state transitions: 
1 --> 2 
2 --> 3 
3 --> 4 
4 --> 5 
5 --> 

* FSM state operations: 

State 1 <SV = 0> <Delay = 0.00>
ST_1 : Operation 6 [1/1] (0.00ns)   --->   "%empty = wait i32 @_ssdm_op_Wait"   --->   Operation 6 'wait' 'empty' <Predicate = true> <Delay = 0.00>

State 2 <SV = 1> <Delay = 0.00>
ST_2 : Operation 7 [2/2] (0.00ns)   --->   "%call_ln0 = call void @get_image_stream_Pipeline_VITIS_LOOP_16_1, i64 %input_stream_V_data_V, i8 %input_stream_V_keep_V, i8 %input_stream_V_strb_V, i1 %input_stream_V_user_V, i1 %input_stream_V_last_V, i1 %input_stream_V_id_V, i1 %input_stream_V_dest_V, i64 %msg_strm"   --->   Operation 7 'call' 'call_ln0' <Predicate = true> <Delay = 0.00> <CoreType = "Generic">   --->   Core 0 '' <Latency = 0> <II = 1> <Delay = 1.00> <Generic> <Opcode : >

State 3 <SV = 2> <Delay = 0.00>
ST_3 : Operation 8 [1/2] (0.00ns)   --->   "%call_ln0 = call void @get_image_stream_Pipeline_VITIS_LOOP_16_1, i64 %input_stream_V_data_V, i8 %input_stream_V_keep_V, i8 %input_stream_V_strb_V, i1 %input_stream_V_user_V, i1 %input_stream_V_last_V, i1 %input_stream_V_id_V, i1 %input_stream_V_dest_V, i64 %msg_strm"   --->   Operation 8 'call' 'call_ln0' <Predicate = true> <Delay = 0.00> <CoreType = "Generic">   --->   Core 0 '' <Latency = 0> <II = 1> <Delay = 1.00> <Generic> <Opcode : >

State 4 <SV = 3> <Delay = 1.83>
ST_4 : Operation 9 [1/1] (0.00ns)   --->   "%empty_95 = wait i32 @_ssdm_op_Wait"   --->   Operation 9 'wait' 'empty_95' <Predicate = true> <Delay = 0.00>
ST_4 : Operation 10 [1/1] (1.83ns)   --->   "%write_ln22 = write void @_ssdm_op_Write.ap_fifo.volatile.i64P0A, i64 %len_strm, i64 262144" [chls/sub_modules.cpp:22]   --->   Operation 10 'write' 'write_ln22' <Predicate = true> <Delay = 1.83> <CoreInst = "FIFO_SRL">   --->   Core 81 'FIFO_SRL' <Latency = 0> <II = 1> <Delay = 1.83> <Storage> <Opcode : 'read' 'write' 'nbread' 'nbwrite'> <Ports = 0> <Width = 64> <Depth = 1> <FIFO>
ST_4 : Operation 11 [1/1] (1.83ns)   --->   "%write_ln23 = write void @_ssdm_op_Write.ap_fifo.volatile.i1P0A, i1 %end_len_strm, i1 0" [chls/sub_modules.cpp:23]   --->   Operation 11 'write' 'write_ln23' <Predicate = true> <Delay = 1.83> <CoreInst = "FIFO_SRL">   --->   Core 81 'FIFO_SRL' <Latency = 0> <II = 1> <Delay = 1.83> <Storage> <Opcode : 'read' 'write' 'nbread' 'nbwrite'> <Ports = 0> <Width = 1> <Depth = 1> <FIFO>

State 5 <SV = 4> <Delay = 1.83>
ST_5 : Operation 12 [1/1] (0.00ns)   --->   "%specaxissidechannel_ln0 = specaxissidechannel void @_ssdm_op_SpecAXISSideChannel, i64 %input_stream_V_data_V, i8 %input_stream_V_keep_V, i8 %input_stream_V_strb_V, i1 %input_stream_V_user_V, i1 %input_stream_V_last_V, i1 %input_stream_V_id_V, i1 %input_stream_V_dest_V, void @empty_6"   --->   Operation 12 'specaxissidechannel' 'specaxissidechannel_ln0' <Predicate = true> <Delay = 0.00>
ST_5 : Operation 13 [1/1] (0.00ns)   --->   "%specinterface_ln0 = specinterface void @_ssdm_op_SpecInterface, i1 %end_len_strm, void @empty_5, i32 0, i32 0, void @empty_25, i32 0, i32 0, void @empty_25, void @empty_25, void @empty_25, i32 0, i32 0, i32 0, i32 0, void @empty_25, void @empty_25, i32 4294967295, i32 0"   --->   Operation 13 'specinterface' 'specinterface_ln0' <Predicate = true> <Delay = 0.00>
ST_5 : Operation 14 [1/1] (0.00ns)   --->   "%specinterface_ln0 = specinterface void @_ssdm_op_SpecInterface, i64 %len_strm, void @empty_5, i32 0, i32 0, void @empty_25, i32 0, i32 0, void @empty_25, void @empty_25, void @empty_25, i32 0, i32 0, i32 0, i32 0, void @empty_25, void @empty_25, i32 4294967295, i32 0"   --->   Operation 14 'specinterface' 'specinterface_ln0' <Predicate = true> <Delay = 0.00>
ST_5 : Operation 15 [1/1] (0.00ns)   --->   "%specinterface_ln0 = specinterface void @_ssdm_op_SpecInterface, i64 %msg_strm, void @empty_5, i32 0, i32 0, void @empty_25, i32 0, i32 0, void @empty_25, void @empty_25, void @empty_25, i32 0, i32 0, i32 0, i32 0, void @empty_25, void @empty_25, i32 4294967295, i32 0"   --->   Operation 15 'specinterface' 'specinterface_ln0' <Predicate = true> <Delay = 0.00>
ST_5 : Operation 16 [1/1] (0.00ns)   --->   "%specinterface_ln0 = specinterface void @_ssdm_op_SpecInterface, i1 %input_stream_V_dest_V, i1 %input_stream_V_id_V, i1 %input_stream_V_last_V, i1 %input_stream_V_user_V, i8 %input_stream_V_strb_V, i8 %input_stream_V_keep_V, i64 %input_stream_V_data_V, void @empty_16, i32 1, i32 1, void @empty_11, i32 0, i32 0, void @empty_25, void @empty_25, void @empty_25, i32 0, i32 0, i32 0, i32 0, void @empty_25, void @empty_25, i32 4294967295, i32 0"   --->   Operation 16 'specinterface' 'specinterface_ln0' <Predicate = true> <Delay = 0.00>
ST_5 : Operation 17 [1/1] (1.83ns)   --->   "%write_ln24 = write void @_ssdm_op_Write.ap_fifo.volatile.i1P0A, i1 %end_len_strm, i1 1" [chls/sub_modules.cpp:24]   --->   Operation 17 'write' 'write_ln24' <Predicate = true> <Delay = 1.83> <CoreInst = "FIFO_SRL">   --->   Core 81 'FIFO_SRL' <Latency = 0> <II = 1> <Delay = 1.83> <Storage> <Opcode : 'read' 'write' 'nbread' 'nbwrite'> <Ports = 0> <Width = 1> <Depth = 1> <FIFO>
ST_5 : Operation 18 [1/1] (0.00ns)   --->   "%ret_ln26 = ret" [chls/sub_modules.cpp:26]   --->   Operation 18 'ret' 'ret_ln26' <Predicate = true> <Delay = 0.00>


============================================================
+ Verbose Summary: Timing violations
============================================================
Target clock period: 11.000ns, clock uncertainty: 2.970ns.

 <State 1>: 0.000ns
The critical path consists of the following:

 <State 2>: 0.000ns
The critical path consists of the following:

 <State 3>: 0.000ns
The critical path consists of the following:

 <State 4>: 1.838ns
The critical path consists of the following:
	fifo write operation ('write_ln22', chls/sub_modules.cpp:22) on port 'len_strm' (chls/sub_modules.cpp:22) [19]  (1.838 ns)

 <State 5>: 1.838ns
The critical path consists of the following:
	fifo write operation ('write_ln24', chls/sub_modules.cpp:24) on port 'end_len_strm' (chls/sub_modules.cpp:24) [21]  (1.838 ns)


============================================================
+ Verbose Summary: Binding
============================================================
N/A
* FSMD analyzer results:
  - Output states:
 - Input state : 
  - Chain level:
	State 1
	State 2
	State 3
	State 4
	State 5


============================================================
+ Verbose Summary: Datapath Resource usage 
============================================================
N/A
